Release 14.7 - xst P.20131013 (lin64)
Copyright (c) 1995-2013 Xilinx, Inc.  All rights reserved.
--> 
Parameter TMPDIR set to xst/projnav.tmp


Total REAL time to Xst completion: 0.00 secs
Total CPU time to Xst completion: 0.04 secs
 
--> 
Parameter xsthdpdir set to xst


Total REAL time to Xst completion: 0.00 secs
Total CPU time to Xst completion: 0.04 secs
 
--> 
Reading design: alu_4bit.prj

TABLE OF CONTENTS
  1) Synthesis Options Summary
  2) HDL Compilation
  3) Design Hierarchy Analysis
  4) HDL Analysis
  5) HDL Synthesis
     5.1) HDL Synthesis Report
  6) Advanced HDL Synthesis
     6.1) Advanced HDL Synthesis Report
  7) Low Level Synthesis
  8) Partition Report
  9) Final Report
	9.1) Device utilization summary
	9.2) Partition Resource Summary
	9.3) TIMING REPORT


=========================================================================
*                      Synthesis Options Summary                        *
=========================================================================
---- Source Parameters
Input File Name                    : "alu_4bit.prj"
Input Format                       : mixed
Ignore Synthesis Constraint File   : NO

---- Target Parameters
Output File Name                   : "alu_4bit"
Output Format                      : NGC
Target Device                      : xc5vlx20t-2-ff323

---- Source Options
Top Module Name                    : alu_4bit
Automatic FSM Extraction           : YES
FSM Encoding Algorithm             : Auto
Safe Implementation                : No
FSM Style                          : LUT
RAM Extraction                     : Yes
RAM Style                          : Auto
ROM Extraction                     : Yes
Mux Style                          : Auto
Decoder Extraction                 : YES
Priority Encoder Extraction        : Yes
Shift Register Extraction          : YES
Logical Shifter Extraction         : YES
XOR Collapsing                     : YES
ROM Style                          : Auto
Mux Extraction                     : Yes
Resource Sharing                   : YES
Asynchronous To Synchronous        : NO
Use DSP Block                      : Auto
Automatic Register Balancing       : No

---- Target Options
LUT Combining                      : Off
Reduce Control Sets                : Off
Add IO Buffers                     : YES
Global Maximum Fanout              : 100000
Add Generic Clock Buffer(BUFG)     : 32
Register Duplication               : YES
Slice Packing                      : YES
Optimize Instantiated Primitives   : NO
Use Clock Enable                   : Auto
Use Synchronous Set                : Auto
Use Synchronous Reset              : Auto
Pack IO Registers into IOBs        : Auto
Equivalent register Removal        : YES

---- General Options
Optimization Goal                  : Speed
Optimization Effort                : 1
Power Reduction                    : NO
Keep Hierarchy                     : No
Netlist Hierarchy                  : As_Optimized
RTL Output                         : Yes
Global Optimization                : AllClockNets
Read Cores                         : YES
Write Timing Constraints           : NO
Cross Clock Analysis               : NO
Hierarchy Separator                : /
Bus Delimiter                      : <>
Case Specifier                     : Maintain
Slice Utilization Ratio            : 100
BRAM Utilization Ratio             : 100
DSP48 Utilization Ratio            : 100
Verilog 2001                       : YES
Auto BRAM Packing                  : NO
Slice Utilization Ratio Delta      : 5

=========================================================================


=========================================================================
*                          HDL Compilation                              *
=========================================================================
Compiling vhdl file "/home/ise/VLSI_LAB_EXMPLES/Alu_4bit/full_adder.vhd" in Library work.
Architecture behavioral of Entity full_adder is up to date.
Compiling vhdl file "/home/ise/VLSI_LAB_EXMPLES/Alu_4bit/and_unit.vhd" in Library work.
Architecture behavioral of Entity and_unit is up to date.
Compiling vhdl file "/home/ise/VLSI_LAB_EXMPLES/Alu_4bit/Or_unit.vhd" in Library work.
Architecture behavioral of Entity or_unit is up to date.
Compiling vhdl file "/home/ise/VLSI_LAB_EXMPLES/Alu_4bit/adder_4bit.vhd" in Library work.
Architecture structural of Entity adder_4bit is up to date.
Compiling vhdl file "/home/ise/VLSI_LAB_EXMPLES/Alu_4bit/mux_4to1.vhd" in Library work.
Architecture behavioral of Entity mux_4to1 is up to date.
Compiling vhdl file "/home/ise/VLSI_LAB_EXMPLES/Alu_4bit/alu_4bit.vhd" in Library work.
Architecture structural of Entity alu_4bit is up to date.

=========================================================================
*                     Design Hierarchy Analysis                         *
=========================================================================
Analyzing hierarchy for entity <alu_4bit> in library <work> (architecture <structural>).

Analyzing hierarchy for entity <and_unit> in library <work> (architecture <Behavioral>).

Analyzing hierarchy for entity <Or_unit> in library <work> (architecture <Behavioral>).

Analyzing hierarchy for entity <adder_4bit> in library <work> (architecture <Structural>).

Analyzing hierarchy for entity <mux_4to1> in library <work> (architecture <Behavioral>).

Analyzing hierarchy for entity <full_adder> in library <work> (architecture <Behavioral>).


=========================================================================
*                            HDL Analysis                               *
=========================================================================
Analyzing Entity <alu_4bit> in library <work> (Architecture <structural>).
Entity <alu_4bit> analyzed. Unit <alu_4bit> generated.

Analyzing Entity <and_unit> in library <work> (Architecture <Behavioral>).
Entity <and_unit> analyzed. Unit <and_unit> generated.

Analyzing Entity <Or_unit> in library <work> (Architecture <Behavioral>).
Entity <Or_unit> analyzed. Unit <Or_unit> generated.

Analyzing Entity <adder_4bit> in library <work> (Architecture <Structural>).
Entity <adder_4bit> analyzed. Unit <adder_4bit> generated.

Analyzing Entity <full_adder> in library <work> (Architecture <Behavioral>).
Entity <full_adder> analyzed. Unit <full_adder> generated.

Analyzing Entity <mux_4to1> in library <work> (Architecture <Behavioral>).
INFO:Xst:1561 - "/home/ise/VLSI_LAB_EXMPLES/Alu_4bit/mux_4to1.vhd" line 60: Mux is complete : default of case is discarded
Entity <mux_4to1> analyzed. Unit <mux_4to1> generated.


=========================================================================
*                           HDL Synthesis                               *
=========================================================================

Performing bidirectional port resolution...

Synthesizing Unit <and_unit>.
    Related source file is "/home/ise/VLSI_LAB_EXMPLES/Alu_4bit/and_unit.vhd".
Unit <and_unit> synthesized.


Synthesizing Unit <Or_unit>.
    Related source file is "/home/ise/VLSI_LAB_EXMPLES/Alu_4bit/Or_unit.vhd".
Unit <Or_unit> synthesized.


Synthesizing Unit <mux_4to1>.
    Related source file is "/home/ise/VLSI_LAB_EXMPLES/Alu_4bit/mux_4to1.vhd".
Unit <mux_4to1> synthesized.


Synthesizing Unit <full_adder>.
    Related source file is "/home/ise/VLSI_LAB_EXMPLES/Alu_4bit/full_adder.vhd".
    Found 1-bit xor3 for signal <SUM>.
    Summary:
	inferred   1 Xor(s).
Unit <full_adder> synthesized.


Synthesizing Unit <adder_4bit>.
    Related source file is "/home/ise/VLSI_LAB_EXMPLES/Alu_4bit/adder_4bit.vhd".
Unit <adder_4bit> synthesized.


Synthesizing Unit <alu_4bit>.
    Related source file is "/home/ise/VLSI_LAB_EXMPLES/Alu_4bit/alu_4bit.vhd".
Unit <alu_4bit> synthesized.


=========================================================================
HDL Synthesis Report

Macro Statistics
# Xors                                                 : 4
 1-bit xor3                                            : 4

=========================================================================

=========================================================================
*                       Advanced HDL Synthesis                          *
=========================================================================


=========================================================================
Advanced HDL Synthesis Report

Macro Statistics
# Xors                                                 : 4
 1-bit xor3                                            : 4

=========================================================================

=========================================================================
*                         Low Level Synthesis                           *
=========================================================================

Optimizing unit <alu_4bit> ...

Mapping all equations...
Building and optimizing final netlist ...
Found area constraint ratio of 100 (+ 5) on block alu_4bit, actual ratio is 0.

Final Macro Processing ...

=========================================================================
Final Register Report

Found no macro
=========================================================================

=========================================================================
*                           Partition Report                            *
=========================================================================

Partition Implementation Status
-------------------------------

  No Partitions were found in this design.

-------------------------------

=========================================================================
*                            Final Report                               *
=========================================================================
Final Results
RTL Top Level Output File Name     : alu_4bit.ngr
Top Level Output File Name         : alu_4bit
Output Format                      : NGC
Optimization Goal                  : Speed
Keep Hierarchy                     : No

Design Statistics
# IOs                              : 15

Cell Usage :
# BELS                             : 7
#      LUT4                        : 2
#      LUT5                        : 3
#      LUT6                        : 2
# IO Buffers                       : 15
#      IBUF                        : 10
#      OBUF                        : 5
=========================================================================

Device utilization summary:
---------------------------

Selected Device : 5vlx20tff323-2 


Slice Logic Utilization: 
 Number of Slice LUTs:                    7  out of  12480     0%  
    Number used as Logic:                 7  out of  12480     0%  

Slice Logic Distribution: 
 Number of LUT Flip Flop pairs used:      7
   Number with an unused Flip Flop:       7  out of      7   100%  
   Number with an unused LUT:             0  out of      7     0%  
   Number of fully used LUT-FF pairs:     0  out of      7     0%  
   Number of unique control sets:         0

IO Utilization: 
 Number of IOs:                          15
 Number of bonded IOBs:                  15  out of    172     8%  

Specific Feature Utilization:

---------------------------
Partition Resource Summary:
---------------------------

  No Partitions were found in this design.

---------------------------


=========================================================================
TIMING REPORT

NOTE: THESE TIMING NUMBERS ARE ONLY A SYNTHESIS ESTIMATE.
      FOR ACCURATE TIMING INFORMATION PLEASE REFER TO THE TRACE REPORT
      GENERATED AFTER PLACE-and-ROUTE.

Clock Information:
------------------
No clock signals found in this design

Asynchronous Control Signals Information:
----------------------------------------
No asynchronous control signals found in this design

Timing Summary:
---------------
Speed Grade: -2

   Minimum period: No path found
   Minimum input arrival time before clock: No path found
   Maximum output required time after clock: No path found
   Maximum combinational path delay: 4.691ns

Timing Detail:
--------------
All values displayed in nanoseconds (ns)

=========================================================================
Timing constraint: Default path analysis
  Total number of paths / destination ports: 38 / 5
-------------------------------------------------------------------------
Delay:               4.691ns (Levels of Logic = 4)
  Source:            A<2> (PAD)
  Destination:       COUT (PAD)

  Data Path: A<2> to COUT
                                Gate     Net
    Cell:in->out      fanout   Delay   Delay  Logical Name (Net Name)
    ----------------------------------------  ------------
     IBUF:I->O             2   0.694   0.905  A_2_IBUF (A_2_IBUF)
     LUT6:I0->O            2   0.086   0.491  U_ADDER/FA2/COUT1 (U_ADDER/C<3>)
     LUT5:I3->O            1   0.086   0.286  COUT1 (COUT_OBUF)
     OBUF:I->O                 2.144          COUT_OBUF (COUT)
    ----------------------------------------
    Total                      4.691ns (3.010ns logic, 1.681ns route)
                                       (64.2% logic, 35.8% route)

=========================================================================


Total REAL time to Xst completion: 7.00 secs
Total CPU time to Xst completion: 3.69 secs
 
--> 


Total memory usage is 641628 kilobytes

Number of errors   :    0 (   0 filtered)
Number of warnings :    0 (   0 filtered)
Number of infos    :    1 (   0 filtered)

