Release 14.7 - xst P.20131013 (lin64)
Copyright (c) 1995-2013 Xilinx, Inc.  All rights reserved.
--> 
Parameter TMPDIR set to xst/projnav.tmp


Total REAL time to Xst completion: 0.00 secs
Total CPU time to Xst completion: 0.07 secs
 
--> 
Parameter xsthdpdir set to xst


Total REAL time to Xst completion: 0.00 secs
Total CPU time to Xst completion: 0.07 secs
 
--> 
Reading design: alu_4bit_tb.prj

TABLE OF CONTENTS
  1) Synthesis Options Summary
  2) HDL Compilation
  3) Design Hierarchy Analysis
  4) HDL Analysis
  5) HDL Synthesis
     5.1) HDL Synthesis Report
  6) Advanced HDL Synthesis
     6.1) Advanced HDL Synthesis Report
  7) Low Level Synthesis
  8) Partition Report
  9) Final Report
	9.1) Device utilization summary
	9.2) Partition Resource Summary
	9.3) TIMING REPORT


=========================================================================
*                      Synthesis Options Summary                        *
=========================================================================
---- Source Parameters
Input File Name                    : "alu_4bit_tb.prj"
Input Format                       : mixed
Ignore Synthesis Constraint File   : NO

---- Target Parameters
Output File Name                   : "alu_4bit_tb"
Output Format                      : NGC
Target Device                      : xc5vlx20t-2-ff323

---- Source Options
Top Module Name                    : alu_4bit_tb
Automatic FSM Extraction           : YES
FSM Encoding Algorithm             : Auto
Safe Implementation                : No
FSM Style                          : LUT
RAM Extraction                     : Yes
RAM Style                          : Auto
ROM Extraction                     : Yes
Mux Style                          : Auto
Decoder Extraction                 : YES
Priority Encoder Extraction        : Yes
Shift Register Extraction          : YES
Logical Shifter Extraction         : YES
XOR Collapsing                     : YES
ROM Style                          : Auto
Mux Extraction                     : Yes
Resource Sharing                   : YES
Asynchronous To Synchronous        : NO
Use DSP Block                      : Auto
Automatic Register Balancing       : No

---- Target Options
LUT Combining                      : Off
Reduce Control Sets                : Off
Add IO Buffers                     : YES
Global Maximum Fanout              : 100000
Add Generic Clock Buffer(BUFG)     : 32
Register Duplication               : YES
Slice Packing                      : YES
Optimize Instantiated Primitives   : NO
Use Clock Enable                   : Auto
Use Synchronous Set                : Auto
Use Synchronous Reset              : Auto
Pack IO Registers into IOBs        : Auto
Equivalent register Removal        : YES

---- General Options
Optimization Goal                  : Speed
Optimization Effort                : 1
Power Reduction                    : NO
Keep Hierarchy                     : No
Netlist Hierarchy                  : As_Optimized
RTL Output                         : Yes
Global Optimization                : AllClockNets
Read Cores                         : YES
Write Timing Constraints           : NO
Cross Clock Analysis               : NO
Hierarchy Separator                : /
Bus Delimiter                      : <>
Case Specifier                     : Maintain
Slice Utilization Ratio            : 100
BRAM Utilization Ratio             : 100
DSP48 Utilization Ratio            : 100
Verilog 2001                       : YES
Auto BRAM Packing                  : NO
Slice Utilization Ratio Delta      : 5

=========================================================================


=========================================================================
*                          HDL Compilation                              *
=========================================================================
Compiling vhdl file "/home/ise/VLSI_LAB_EXMPLES/Alu_4bit/full_adder.vhd" in Library work.
Architecture behavioral of Entity full_adder is up to date.
Compiling vhdl file "/home/ise/VLSI_LAB_EXMPLES/Alu_4bit/and_unit.vhd" in Library work.
Entity <and_unit> compiled.
Entity <and_unit> (Architecture <behavioral>) compiled.
Compiling vhdl file "/home/ise/VLSI_LAB_EXMPLES/Alu_4bit/Or_unit.vhd" in Library work.
Architecture behavioral of Entity or_unit is up to date.
Compiling vhdl file "/home/ise/VLSI_LAB_EXMPLES/Alu_4bit/adder_4bit.vhd" in Library work.
Architecture structural of Entity adder_4bit is up to date.
Compiling vhdl file "/home/ise/VLSI_LAB_EXMPLES/Alu_4bit/mux_4to1.vhd" in Library work.
Architecture behavioral of Entity mux_4to1 is up to date.
Compiling vhdl file "/home/ise/VLSI_LAB_EXMPLES/Alu_4bit/alu_4bit.vhd" in Library work.
Architecture structural of Entity alu_4bit is up to date.
Compiling vhdl file "/home/ise/VLSI_LAB_EXMPLES/Alu_4bit/alu_4bit_tb.vhd" in Library work.
ERROR:HDLParsers:1015 - "/home/ise/VLSI_LAB_EXMPLES/Alu_4bit/alu_4bit_tb.vhd" Line 63. Wait for statement unsupported.
ERROR:HDLParsers:1015 - "/home/ise/VLSI_LAB_EXMPLES/Alu_4bit/alu_4bit_tb.vhd" Line 72. Wait for statement unsupported.
ERROR:HDLParsers:1015 - "/home/ise/VLSI_LAB_EXMPLES/Alu_4bit/alu_4bit_tb.vhd" Line 82. Wait for statement unsupported.
ERROR:HDLParsers:1015 - "/home/ise/VLSI_LAB_EXMPLES/Alu_4bit/alu_4bit_tb.vhd" Line 92. Wait for statement unsupported.
ERROR:HDLParsers:1015 - "/home/ise/VLSI_LAB_EXMPLES/Alu_4bit/alu_4bit_tb.vhd" Line 101. Wait for statement unsupported.
ERROR:HDLParsers:1015 - "/home/ise/VLSI_LAB_EXMPLES/Alu_4bit/alu_4bit_tb.vhd" Line 111. Wait for statement unsupported.
ERROR:HDLParsers:1015 - "/home/ise/VLSI_LAB_EXMPLES/Alu_4bit/alu_4bit_tb.vhd" Line 121. Wait for statement unsupported.
ERROR:HDLParsers:1015 - "/home/ise/VLSI_LAB_EXMPLES/Alu_4bit/alu_4bit_tb.vhd" Line 131. Wait for statement unsupported.
--> 


Total memory usage is 619024 kilobytes

Number of errors   :    8 (   0 filtered)
Number of warnings :    0 (   0 filtered)
Number of infos    :    0 (   0 filtered)

