Release 14.7 - xst P.20131013 (lin64)
Copyright (c) 1995-2013 Xilinx, Inc.  All rights reserved.
--> 
Parameter TMPDIR set to xst/projnav.tmp


Total REAL time to Xst completion: 0.00 secs
Total CPU time to Xst completion: 0.05 secs
 
--> 
Parameter xsthdpdir set to xst


Total REAL time to Xst completion: 0.00 secs
Total CPU time to Xst completion: 0.05 secs
 
--> 
Reading design: ALU.prj

TABLE OF CONTENTS
  1) Synthesis Options Summary
  2) HDL Compilation
  3) Design Hierarchy Analysis
  4) HDL Analysis
  5) HDL Synthesis
     5.1) HDL Synthesis Report
  6) Advanced HDL Synthesis
     6.1) Advanced HDL Synthesis Report
  7) Low Level Synthesis
  8) Partition Report
  9) Final Report
	9.1) Device utilization summary
	9.2) Partition Resource Summary
	9.3) TIMING REPORT


=========================================================================
*                      Synthesis Options Summary                        *
=========================================================================
---- Source Parameters
Input File Name                    : "ALU.prj"
Input Format                       : mixed
Ignore Synthesis Constraint File   : NO

---- Target Parameters
Output File Name                   : "ALU"
Output Format                      : NGC
Target Device                      : xc5vlx20t-2-ff323

---- Source Options
Top Module Name                    : ALU
Automatic FSM Extraction           : YES
FSM Encoding Algorithm             : Auto
Safe Implementation                : No
FSM Style                          : LUT
RAM Extraction                     : Yes
RAM Style                          : Auto
ROM Extraction                     : Yes
Mux Style                          : Auto
Decoder Extraction                 : YES
Priority Encoder Extraction        : Yes
Shift Register Extraction          : YES
Logical Shifter Extraction         : YES
XOR Collapsing                     : YES
ROM Style                          : Auto
Mux Extraction                     : Yes
Resource Sharing                   : YES
Asynchronous To Synchronous        : NO
Use DSP Block                      : Auto
Automatic Register Balancing       : No

---- Target Options
LUT Combining                      : Auto
Reduce Control Sets                : Auto
Add IO Buffers                     : YES
Global Maximum Fanout              : 100000
Add Generic Clock Buffer(BUFG)     : 32
Register Duplication               : YES
Slice Packing                      : YES
Optimize Instantiated Primitives   : NO
Use Clock Enable                   : Auto
Use Synchronous Set                : Auto
Use Synchronous Reset              : Auto
Pack IO Registers into IOBs        : Auto
Equivalent register Removal        : YES

---- General Options
Optimization Goal                  : Speed
Optimization Effort                : 1
Power Reduction                    : NO
Keep Hierarchy                     : No
Netlist Hierarchy                  : As_Optimized
RTL Output                         : Yes
Global Optimization                : AllClockNets
Read Cores                         : YES
Write Timing Constraints           : NO
Cross Clock Analysis               : NO
Hierarchy Separator                : /
Bus Delimiter                      : <>
Case Specifier                     : Maintain
Slice Utilization Ratio            : 100
BRAM Utilization Ratio             : 100
DSP48 Utilization Ratio            : 100
Verilog 2001                       : YES
Auto BRAM Packing                  : NO
Slice Utilization Ratio Delta      : 5

=========================================================================


=========================================================================
*                          HDL Compilation                              *
=========================================================================
Compiling verilog file "full_adder.v" in library work
Compiling verilog file "register_8bit.v" in library work
Module <full_adder> compiled
Compiling verilog file "mux_8to1.v" in library work
Module <register_8bit> compiled
Compiling verilog file "logic_unit.v" in library work
Module <mux_8to1> compiled
Compiling verilog file "adder_8bit.v" in library work
Module <logic_unit> compiled
Compiling verilog file "ALU.v" in library work
Module <adder_8bit> compiled
Module <ALU> compiled
No errors in compilation
Analysis of file <"ALU.prj"> succeeded.
 

=========================================================================
*                     Design Hierarchy Analysis                         *
=========================================================================
Analyzing hierarchy for module <ALU> in library <work>.

Analyzing hierarchy for module <adder_8bit> in library <work>.

Analyzing hierarchy for module <logic_unit> in library <work>.

Analyzing hierarchy for module <mux_8to1> in library <work>.

Analyzing hierarchy for module <register_8bit> in library <work>.

Analyzing hierarchy for module <full_adder> in library <work>.


=========================================================================
*                            HDL Analysis                               *
=========================================================================
Analyzing top module <ALU>.
Module <ALU> is correct for synthesis.
 
Analyzing module <adder_8bit> in library <work>.
Module <adder_8bit> is correct for synthesis.
 
Analyzing module <full_adder> in library <work>.
Module <full_adder> is correct for synthesis.
 
Analyzing module <logic_unit> in library <work>.
Module <logic_unit> is correct for synthesis.
 
Analyzing module <mux_8to1> in library <work>.
Module <mux_8to1> is correct for synthesis.
 
Analyzing module <register_8bit> in library <work>.
Module <register_8bit> is correct for synthesis.
 

=========================================================================
*                           HDL Synthesis                               *
=========================================================================

Performing bidirectional port resolution...

Synthesizing Unit <logic_unit>.
    Related source file is "logic_unit.v".
    Found 8-bit xor2 for signal <xor_out>.
Unit <logic_unit> synthesized.


Synthesizing Unit <mux_8to1>.
    Related source file is "mux_8to1.v".
    Found 8-bit 8-to-1 multiplexer for signal <y>.
    Summary:
	inferred   8 Multiplexer(s).
Unit <mux_8to1> synthesized.


Synthesizing Unit <register_8bit>.
    Related source file is "register_8bit.v".
    Found 8-bit register for signal <q>.
    Summary:
	inferred   8 D-type flip-flop(s).
Unit <register_8bit> synthesized.


Synthesizing Unit <full_adder>.
    Related source file is "full_adder.v".
    Found 1-bit xor3 for signal <sum>.
    Summary:
	inferred   1 Xor(s).
Unit <full_adder> synthesized.


Synthesizing Unit <adder_8bit>.
    Related source file is "adder_8bit.v".
    Found 8-bit xor2 for signal <b_xor>.
Unit <adder_8bit> synthesized.


Synthesizing Unit <ALU>.
    Related source file is "ALU.v".
Unit <ALU> synthesized.


=========================================================================
HDL Synthesis Report

Macro Statistics
# Registers                                            : 1
 8-bit register                                        : 1
# Multiplexers                                         : 1
 8-bit 8-to-1 multiplexer                              : 1
# Xors                                                 : 10
 1-bit xor3                                            : 8
 8-bit xor2                                            : 2

=========================================================================

=========================================================================
*                       Advanced HDL Synthesis                          *
=========================================================================


=========================================================================
Advanced HDL Synthesis Report

Macro Statistics
# Registers                                            : 8
 Flip-Flops                                            : 8
# Multiplexers                                         : 1
 8-bit 8-to-1 multiplexer                              : 1
# Xors                                                 : 10
 1-bit xor3                                            : 8
 8-bit xor2                                            : 2

=========================================================================

=========================================================================
*                         Low Level Synthesis                           *
=========================================================================

Optimizing unit <ALU> ...

Optimizing unit <register_8bit> ...

Optimizing unit <adder_8bit> ...

Mapping all equations...
Building and optimizing final netlist ...
Found area constraint ratio of 100 (+ 5) on block ALU, actual ratio is 0.

Final Macro Processing ...

=========================================================================
Final Register Report

Macro Statistics
# Registers                                            : 8
 Flip-Flops                                            : 8

=========================================================================

=========================================================================
*                           Partition Report                            *
=========================================================================

Partition Implementation Status
-------------------------------

  No Partitions were found in this design.

-------------------------------

=========================================================================
*                            Final Report                               *
=========================================================================
Final Results
RTL Top Level Output File Name     : ALU.ngr
Top Level Output File Name         : ALU
Output Format                      : NGC
Optimization Goal                  : Speed
Keep Hierarchy                     : No

Design Statistics
# IOs                              : 30

Cell Usage :
# BELS                             : 18
#      LUT3                        : 1
#      LUT4                        : 1
#      LUT5                        : 2
#      LUT6                        : 13
#      MUXF7                       : 1
# FlipFlops/Latches                : 8
#      FDC                         : 8
# Clock Buffers                    : 1
#      BUFGP                       : 1
# IO Buffers                       : 29
#      IBUF                        : 20
#      OBUF                        : 9
=========================================================================

Device utilization summary:
---------------------------

Selected Device : 5vlx20tff323-2 


Slice Logic Utilization: 
 Number of Slice LUTs:                   17  out of  12480     0%  
    Number used as Logic:                17  out of  12480     0%  

Slice Logic Distribution: 
 Number of LUT Flip Flop pairs used:     17
   Number with an unused Flip Flop:      17  out of     17   100%  
   Number with an unused LUT:             0  out of     17     0%  
   Number of fully used LUT-FF pairs:     0  out of     17     0%  
   Number of unique control sets:         1

IO Utilization: 
 Number of IOs:                          30
 Number of bonded IOBs:                  30  out of    172    17%  
    IOB Flip Flops/Latches:               8

Specific Feature Utilization:
 Number of BUFG/BUFGCTRLs:                1  out of     32     3%  

---------------------------
Partition Resource Summary:
---------------------------

  No Partitions were found in this design.

---------------------------


=========================================================================
TIMING REPORT

NOTE: THESE TIMING NUMBERS ARE ONLY A SYNTHESIS ESTIMATE.
      FOR ACCURATE TIMING INFORMATION PLEASE REFER TO THE TRACE REPORT
      GENERATED AFTER PLACE-and-ROUTE.

Clock Information:
------------------
-----------------------------------+------------------------+-------+
Clock Signal                       | Clock buffer(FF name)  | Load  |
-----------------------------------+------------------------+-------+
clk                                | BUFGP                  | 8     |
-----------------------------------+------------------------+-------+

Asynchronous Control Signals Information:
----------------------------------------
-----------------------------------+------------------------+-------+
Control Signal                     | Buffer(FF name)        | Load  |
-----------------------------------+------------------------+-------+
reset                              | IBUF                   | 8     |
-----------------------------------+------------------------+-------+

Timing Summary:
---------------
Speed Grade: -2

   Minimum period: No path found
   Minimum input arrival time before clock: 4.280ns
   Maximum output required time after clock: 2.826ns
   Maximum combinational path delay: 6.212ns

Timing Detail:
--------------
All values displayed in nanoseconds (ns)

=========================================================================
Timing constraint: Default OFFSET IN BEFORE for Clock 'clk'
  Total number of paths / destination ports: 151 / 8
-------------------------------------------------------------------------
Offset:              4.280ns (Levels of Logic = 7)
  Source:            OP<0> (PAD)
  Destination:       REG/q_7 (FF)
  Destination Clock: clk rising

  Data Path: OP<0> to REG/q_7
                                Gate     Net
    Cell:in->out      fanout   Delay   Delay  Logical Name (Net Name)
    ----------------------------------------  ------------
     IBUF:I->O            13   0.694   0.656  OP_0_IBUF (OP_0_IBUF)
     LUT3:I0->O            7   0.086   0.515  subtract1 (subtract)
     LUT5:I3->O            3   0.086   0.496  ADDER/FA1/cout1 (ADDER/c2)
     LUT6:I4->O            3   0.086   0.496  ADDER/FA3/cout1 (ADDER/c4)
     LUT6:I4->O            3   0.086   0.496  ADDER/FA5/cout1 (ADDER/c6)
     LUT6:I4->O            1   0.086   0.412  MUX/Mmux_y48_SW2 (N53)
     LUT6:I5->O            1   0.086   0.000  MUX/Mmux_y48 (mux_result<7>)
     FDC:D                    -0.022          REG/q_7
    ----------------------------------------
    Total                      4.280ns (1.210ns logic, 3.070ns route)
                                       (28.3% logic, 71.7% route)

=========================================================================
Timing constraint: Default OFFSET OUT AFTER for Clock 'clk'
  Total number of paths / destination ports: 8 / 8
-------------------------------------------------------------------------
Offset:              2.826ns (Levels of Logic = 1)
  Source:            REG/q_7 (FF)
  Destination:       RESULT<7> (PAD)
  Source Clock:      clk rising

  Data Path: REG/q_7 to RESULT<7>
                                Gate     Net
    Cell:in->out      fanout   Delay   Delay  Logical Name (Net Name)
    ----------------------------------------  ------------
     FDC:C->Q              1   0.396   0.286  REG/q_7 (REG/q_7)
     OBUF:I->O                 2.144          RESULT_7_OBUF (RESULT<7>)
    ----------------------------------------
    Total                      2.826ns (2.540ns logic, 0.286ns route)
                                       (89.9% logic, 10.1% route)

=========================================================================
Timing constraint: Default path analysis
  Total number of paths / destination ports: 28 / 1
-------------------------------------------------------------------------
Delay:               6.212ns (Levels of Logic = 7)
  Source:            OP<0> (PAD)
  Destination:       CARRY (PAD)

  Data Path: OP<0> to CARRY
                                Gate     Net
    Cell:in->out      fanout   Delay   Delay  Logical Name (Net Name)
    ----------------------------------------  ------------
     IBUF:I->O            13   0.694   0.656  OP_0_IBUF (OP_0_IBUF)
     LUT3:I0->O            7   0.086   0.515  subtract1 (subtract)
     LUT5:I3->O            3   0.086   0.496  ADDER/FA1/cout1 (ADDER/c2)
     LUT6:I4->O            3   0.086   0.496  ADDER/FA3/cout1 (ADDER/c4)
     LUT6:I4->O            3   0.086   0.496  ADDER/FA5/cout1 (ADDER/c6)
     LUT6:I4->O            1   0.086   0.286  ADDER/FA7/cout1 (CARRY_OBUF)
     OBUF:I->O                 2.144          CARRY_OBUF (CARRY)
    ----------------------------------------
    Total                      6.212ns (3.268ns logic, 2.944ns route)
                                       (52.6% logic, 47.4% route)

=========================================================================


Total REAL time to Xst completion: 6.00 secs
Total CPU time to Xst completion: 4.27 secs
 
--> 


Total memory usage is 641512 kilobytes

Number of errors   :    0 (   0 filtered)
Number of warnings :    0 (   0 filtered)
Number of infos    :    0 (   0 filtered)

