Running: /opt/Xilinx/14.7/ISE_DS/ISE/bin/lin64/unwrapped/fuse -intstyle ise -incremental -lib unisims_ver -lib unimacro_ver -lib xilinxcorelib_ver -lib secureip -o /home/ise/VLSI_LAB_EXMPLES/ALU_8bit/ALU_tb_isim_beh.exe -prj /home/ise/VLSI_LAB_EXMPLES/ALU_8bit/ALU_tb_beh.prj work.ALU_tb work.glbl 
ISim P.20131013 (signature 0xfbc00daa)
Number of CPUs detected in this system: 1
Turning on mult-threading, number of parallel sub-compilation jobs: 0 
Determining compilation order of HDL files
Analyzing Verilog file "/home/ise/VLSI_LAB_EXMPLES/ALU_8bit/full_adder.v" into library work
Analyzing Verilog file "/home/ise/VLSI_LAB_EXMPLES/ALU_8bit/register_8bit.v" into library work
Analyzing Verilog file "/home/ise/VLSI_LAB_EXMPLES/ALU_8bit/mux_8to1.v" into library work
Analyzing Verilog file "/home/ise/VLSI_LAB_EXMPLES/ALU_8bit/logic_unit.v" into library work
Analyzing Verilog file "/home/ise/VLSI_LAB_EXMPLES/ALU_8bit/adder_8bit.v" into library work
Analyzing Verilog file "/home/ise/VLSI_LAB_EXMPLES/ALU_8bit/ALU.v" into library work
Analyzing Verilog file "/home/ise/VLSI_LAB_EXMPLES/ALU_8bit/ALU_tb.v" into library work
Analyzing Verilog file "/opt/Xilinx/14.7/ISE_DS/ISE//verilog/src/glbl.v" into library work
Starting static elaboration
Completed static elaboration
Fuse Memory Usage: 94920 KB
Fuse CPU Usage: 1850 ms
Compiling module full_adder
Compiling module adder_8bit
Compiling module logic_unit
Compiling module mux_8to1
Compiling module register_8bit
Compiling module ALU
Compiling module ALU_tb
Compiling module glbl
Time Resolution for simulation is 1ps.
Compiled 8 Verilog Units
Built simulation executable /home/ise/VLSI_LAB_EXMPLES/ALU_8bit/ALU_tb_isim_beh.exe
Fuse Memory Usage: 98092 KB
Fuse CPU Usage: 2430 ms
GCC CPU Usage: 2010 ms
