Running: /opt/Xilinx/14.7/ISE_DS/ISE/bin/lin64/unwrapped/fuse -intstyle ise -incremental -lib unisims_ver -lib unimacro_ver -lib xilinxcorelib_ver -lib secureip -o /home/ise/Full_adder_8bit/test2_isim_beh.exe -prj /home/ise/Full_adder_8bit/test2_beh.prj work.test2 work.glbl 
ISim P.20131013 (signature 0xfbc00daa)
Number of CPUs detected in this system: 1
Turning on mult-threading, number of parallel sub-compilation jobs: 0 
Determining compilation order of HDL files
Analyzing Verilog file "/home/ise/Full_adder_8bit/adder8.v" into library work
Analyzing Verilog file "/home/ise/Full_adder_8bit/test2.v" into library work
Analyzing Verilog file "/opt/Xilinx/14.7/ISE_DS/ISE//verilog/src/glbl.v" into library work
Starting static elaboration
Completed static elaboration
Fuse Memory Usage: 94932 KB
Fuse CPU Usage: 1020 ms
Compiling module fulladd
Compiling module adder8
Compiling module test2
Compiling module glbl
Time Resolution for simulation is 1ps.
Compiled 4 Verilog Units
Built simulation executable /home/ise/Full_adder_8bit/test2_isim_beh.exe
Fuse Memory Usage: 98052 KB
Fuse CPU Usage: 1020 ms
GCC CPU Usage: 180 ms
