Release 14.7 - xst P.20131013 (lin64)
Copyright (c) 1995-2013 Xilinx, Inc.  All rights reserved.
--> 
Parameter TMPDIR set to xst/projnav.tmp


Total REAL time to Xst completion: 0.00 secs
Total CPU time to Xst completion: 0.06 secs
 
--> 
Parameter xsthdpdir set to xst


Total REAL time to Xst completion: 0.00 secs
Total CPU time to Xst completion: 0.06 secs
 
--> 
Reading design: d_latch.prj

TABLE OF CONTENTS
  1) Synthesis Options Summary
  2) HDL Parsing
  3) HDL Elaboration
  4) HDL Synthesis
       4.1) HDL Synthesis Report
  5) Advanced HDL Synthesis
       5.1) Advanced HDL Synthesis Report
  6) Low Level Synthesis
  7) Partition Report
  8) Design Summary
       8.1) Primitive and Black Box Usage
       8.2) Device utilization summary
       8.3) Partition Resource Summary
       8.4) Timing Report
            8.4.1) Clock Information
            8.4.2) Asynchronous Control Signals Information
            8.4.3) Timing Summary
            8.4.4) Timing Details
            8.4.5) Cross Clock Domains Report


=========================================================================
*                      Synthesis Options Summary                        *
=========================================================================
---- Source Parameters
Input File Name                    : "d_latch.prj"
Ignore Synthesis Constraint File   : NO

---- Target Parameters
Output File Name                   : "d_latch"
Output Format                      : NGC
Target Device                      : xc7a100t-3-csg324

---- Source Options
Top Module Name                    : d_latch
Automatic FSM Extraction           : YES
FSM Encoding Algorithm             : Auto
Safe Implementation                : No
FSM Style                          : LUT
RAM Extraction                     : Yes
RAM Style                          : Auto
ROM Extraction                     : Yes
Shift Register Extraction          : YES
ROM Style                          : Auto
Resource Sharing                   : YES
Asynchronous To Synchronous        : NO
Shift Register Minimum Size        : 2
Use DSP Block                      : Auto
Automatic Register Balancing       : No

---- Target Options
LUT Combining                      : Auto
Reduce Control Sets                : Auto
Add IO Buffers                     : YES
Global Maximum Fanout              : 100000
Add Generic Clock Buffer(BUFG)     : 32
Register Duplication               : YES
Optimize Instantiated Primitives   : NO
Use Clock Enable                   : Auto
Use Synchronous Set                : Auto
Use Synchronous Reset              : Auto
Pack IO Registers into IOBs        : Auto
Equivalent register Removal        : YES

---- General Options
Optimization Goal                  : Speed
Optimization Effort                : 1
Power Reduction                    : NO
Keep Hierarchy                     : No
Netlist Hierarchy                  : As_Optimized
RTL Output                         : Yes
Global Optimization                : AllClockNets
Read Cores                         : YES
Write Timing Constraints           : NO
Cross Clock Analysis               : NO
Hierarchy Separator                : /
Bus Delimiter                      : <>
Case Specifier                     : Maintain
Slice Utilization Ratio            : 100
BRAM Utilization Ratio             : 100
DSP48 Utilization Ratio            : 100
Auto BRAM Packing                  : NO
Slice Utilization Ratio Delta      : 5

=========================================================================


=========================================================================
*                          HDL Parsing                                  *
=========================================================================
Parsing VHDL file "/home/ise/VLSI_LAB_EXMPLES/Register_8bit/Nand_gate.vhd" into library work
Parsing entity <nand_gate>.
Parsing architecture <Behavioral> of entity <nand_gate>.
Parsing VHDL file "/home/ise/VLSI_LAB_EXMPLES/Register_8bit/SR_LATCH.vhd" into library work
Parsing entity <sr_latch>.
Parsing architecture <Structural> of entity <sr_latch>.
Parsing VHDL file "/home/ise/VLSI_LAB_EXMPLES/Register_8bit/D_LATCH.vhd" into library work
Parsing entity <d_latch>.
Parsing architecture <Structural> of entity <d_latch>.

=========================================================================
*                            HDL Elaboration                            *
=========================================================================

Elaborating entity <d_latch> (architecture <Structural>) from library <work>.
WARNING:HDLCompiler:89 - "/home/ise/VLSI_LAB_EXMPLES/Register_8bit/D_LATCH.vhd" Line 19: <not_gate> remains a black-box since it has no binding entity.

Elaborating entity <nand_gate> (architecture <Behavioral>) from library <work>.

Elaborating entity <sr_latch> (architecture <Structural>) from library <work>.

=========================================================================
*                           HDL Synthesis                               *
=========================================================================

Synthesizing Unit <d_latch>.
    Related source file is "/home/ise/VLSI_LAB_EXMPLES/Register_8bit/D_LATCH.vhd".
    Summary:
	no macro.
Unit <d_latch> synthesized.

Synthesizing Unit <nand_gate>.
    Related source file is "/home/ise/VLSI_LAB_EXMPLES/Register_8bit/Nand_gate.vhd".
    Summary:
	no macro.
Unit <nand_gate> synthesized.

Synthesizing Unit <sr_latch>.
    Related source file is "/home/ise/VLSI_LAB_EXMPLES/Register_8bit/SR_LATCH.vhd".
    Summary:
	no macro.
Unit <sr_latch> synthesized.

=========================================================================
HDL Synthesis Report

Found no macro
=========================================================================

=========================================================================
*                       Advanced HDL Synthesis                          *
=========================================================================


=========================================================================
Advanced HDL Synthesis Report

Found no macro
=========================================================================

=========================================================================
*                         Low Level Synthesis                           *
=========================================================================
WARNING:Xst:2170 - Unit d_latch : the following signal(s) form a combinatorial loop: U4/U1/n0000.

Optimizing unit <d_latch> ...

Mapping all equations...
Building and optimizing final netlist ...
Found area constraint ratio of 100 (+ 5) on block d_latch, actual ratio is 0.

Final Macro Processing ...

=========================================================================
Final Register Report

Found no macro
=========================================================================

=========================================================================
*                           Partition Report                            *
=========================================================================

Partition Implementation Status
-------------------------------

  No Partitions were found in this design.

-------------------------------

=========================================================================
*                            Design Summary                             *
=========================================================================

Top Level Output File Name         : d_latch.ngc

Primitive and Black Box Usage:
------------------------------
# BELS                             : 3
#      INV                         : 1
#      LUT3                        : 1
#      LUT4                        : 1
# IO Buffers                       : 4
#      IBUF                        : 2
#      OBUF                        : 2
# Others                           : 1
#      not_gate                    : 1

Device utilization summary:
---------------------------

Selected Device : 7a100tcsg324-3 


Slice Logic Utilization: 
 Number of Slice LUTs:                    3  out of  63400     0%  
    Number used as Logic:                 3  out of  63400     0%  

Slice Logic Distribution: 
 Number of LUT Flip Flop pairs used:      3
   Number with an unused Flip Flop:       3  out of      3   100%  
   Number with an unused LUT:             0  out of      3     0%  
   Number of fully used LUT-FF pairs:     0  out of      3     0%  
   Number of unique control sets:         0

IO Utilization: 
 Number of IOs:                           4
 Number of bonded IOBs:                   4  out of    210     1%  

Specific Feature Utilization:

---------------------------
Partition Resource Summary:
---------------------------

  No Partitions were found in this design.

---------------------------


=========================================================================
Timing Report

NOTE: THESE TIMING NUMBERS ARE ONLY A SYNTHESIS ESTIMATE.
      FOR ACCURATE TIMING INFORMATION PLEASE REFER TO THE TRACE REPORT
      GENERATED AFTER PLACE-and-ROUTE.

Clock Information:
------------------
No clock signals found in this design

Asynchronous Control Signals Information:
----------------------------------------
No asynchronous control signals found in this design

Timing Summary:
---------------
Speed Grade: -3

   Minimum period: No path found
   Minimum input arrival time before clock: No path found
   Maximum output required time after clock: No path found
   Maximum combinational path delay: 1.554ns

Timing Details:
---------------
All values displayed in nanoseconds (ns)

=========================================================================
Timing constraint: Default path analysis
  Total number of paths / destination ports: 7 / 3
-------------------------------------------------------------------------
Delay:               1.554ns (Levels of Logic = 4)
  Source:            U1:Y (PAD)
  Destination:       Q (PAD)

  Data Path: U1:Y to Q
                                Gate     Net
    Cell:in->out      fanout   Delay   Delay  Logical Name (Net Name)
    ----------------------------------------  ------------
    not_gate:Y             1   0.000   0.379  U1 (D_n)
     LUT3:I1->O            2   0.097   0.299  U4/U2/Y1 (Q_n_OBUF)
     LUT4:I3->O            3   0.097   0.289  U4/U1/n00001 (U4/U1/n0000)
     INV:I->O              1   0.113   0.279  U4/U1/Y1_INV_0 (Q_OBUF)
     OBUF:I->O                 0.000          Q_OBUF (Q)
    ----------------------------------------
    Total                      1.554ns (0.307ns logic, 1.247ns route)
                                       (19.8% logic, 80.2% route)

=========================================================================

Cross Clock Domains Report:
--------------------------

=========================================================================


Total REAL time to Xst completion: 17.00 secs
Total CPU time to Xst completion: 11.50 secs
 
--> 


Total memory usage is 593272 kilobytes

Number of errors   :    0 (   0 filtered)
Number of warnings :    2 (   0 filtered)
Number of infos    :    0 (   0 filtered)

